2026-03-19T18:09:23 exception: Failed to open "/Users/nitin/.config/mpd/mpdstate": No such file or directory
2026-03-19T18:09:23 config: inotify: auto_update was disabled. enable during compilation phase
2026-03-19T18:09:23 update: added songs/dthang.mp3
2026-03-19T18:09:23 update: added songs/luckii.mp3
2026-03-19T18:09:23 update: added songs/savv-Rollintheice.mp3
2026-03-19T18:09:23 update: added songs/Heater kenzo2x.mp3
2026-03-19T18:09:23 update: added songs/Keyziematta.m4a
2026-03-19T18:09:23 update: added songs/KsBands-The Game.mp3
2026-03-19T18:09:23 update: added songs/savv4x-feellikeimhim.m4a.mp3
2026-03-19T18:09:23 update: added songs/KSBANDS-CYPHER.mp3
2026-03-19T18:09:23 update: added songs/new.mov
2026-03-19T18:09:24 update: added songs/waldo.m4a
2026-03-19T18:09:24 mpg123: mpg123_getformat() failed: Message: I am done with this track.
2026-03-19T18:09:24 mpg123: mpg123_getformat() failed: Message: I am done with this track.
2026-03-19T18:09:24 ffmpeg/mp3: Format mp3 detected only with low score of 1, misdetection possible!
2026-03-19T18:09:24 ffmpeg/mp3: Failed to find two consecutive MPEG audio frames.
2026-03-19T18:09:24 update: added songs/Ksbvndz-Reemz wit a hoodie.mp3
2026-03-19T18:09:24 update: added songs/KsBands-On It.mp3
2026-03-19T18:09:24 update: added songs/Ksbvndz-Used To.mp3
2026-03-19T18:09:24 update: added songs/savv4x-backonmybullshit.mp3
2026-03-19T18:09:24 update: added songs/Turnaround.m4a.mp3
2026-03-19T18:09:24 update: added songs/savv4x-hahaha.mp3
2026-03-19T18:09:24 update: added songs/Ksbvndz-Duck&GetLow.mp3
2026-03-19T18:09:24 update: added songs/savv4x-boysdontcry.mp3
2026-03-19T18:09:24 update: added songs/22 Freestyle.m4a
2026-03-19T18:09:24 update: added songs/Ksbvnds-NOAUTO.mp3
2026-03-19T18:09:24 update: added songs/output.mp4
2026-03-19T18:09:24 update: added songs/Ksbvndz-LastDance.mp3
2026-03-19T18:09:24 update: added songs/yb rap sesh.m4a
2026-03-19T18:09:24 update: added songs/9Lives-22Three.m4a
2026-03-19T18:09:24 update: added songs/BANGER.mp3
2026-03-19T18:09:24 update: added songs/VTENunrealsed.mp3
2026-03-19T18:09:24 update: added songs/3_04-12-20_JAYME_MIX_1.mp3
2026-03-19T18:09:24 update: added songs/audio.m4a
2026-03-19T18:09:24 update: added songs/typesh.m4a
2026-03-19T18:09:24 update: added songs/typeee.m4a
2026-03-19T18:09:24 update: added songs/KSBANDS-geek.mp3
2026-03-19T18:09:24 update: added songs/rufffff.m4a
2026-03-19T18:09:24 update: added songs/KSBANDS-spillers.mp3
2026-03-19T18:09:24 update: added songs/313.mp3
2026-03-19T18:09:24 update: added songs/certi_spin-2_lil_monte.m4a
2026-03-19T18:09:24 update: added songs/Gunna-WokeUpOfficial.mp3
2026-03-19T18:09:24 update: added songs/KsBvndz x Talluptwin x Savv4x - AU [2129973363].mp3
2026-03-19T18:09:24 update: added songs/savv4x-organizedcrime.mp3
2026-03-19T18:09:24 update: added songs/Ksbvndz-Potential.mp3
2026-03-19T18:09:24 update: added songs/Savv4x-FreeBigBoy.mp3
2026-03-19T18:09:24 update: added songs/savv4x-reapersreap.mp3
2026-03-19T18:09:24 update: added songs/KSBANDS-OFFTHEMAP.mp3
2026-03-19T18:09:24 update: added /gunnatype.mp3
2026-03-19T18:09:24 update: added mytracks/rio.m4a
2026-03-19T18:09:24 update: added mytracks/ybrap.m4a
2026-03-19T18:09:24 update: added mytracks/dugg.m4a
2026-03-19T18:09:24 update: added mytracks/nitin song.m4a
2026-03-19T18:09:24 update: added mytracks/Sash On One Tonight freestyle.m4a
2026-03-19T18:09:24 update: added /tog.mp4
2026-03-19T18:09:24 update: added /audiofilenshit.m4a
2026-03-19T18:09:24 update: added /output.mp3
2026-03-19T18:09:24 update: added /output.mp4
2026-03-19T18:09:24 update: added beats/Dthang.mp3
2026-03-19T18:09:24 update: added beats/Loe.mp3
2026-03-19T18:09:24 update: added beats/Savv.mp3
2026-03-19T18:09:24 update: added beats/Lith.mp3
2026-03-19T18:09:24 update: added beats/RioDaYungOG.mp3
2026-03-19T18:09:24 update: added beats/UNKNOWNGIRL.mp3
2026-03-19T18:09:24 update: added beats/RioDaYungOG1.mp3
2026-03-19T18:09:24 update: added beats/NBAYOUNGBOY.mp3
2026-03-19T18:09:24 update: added beats/RioDaYungOg3.mp3
2026-03-19T18:09:24 update: added beats/RioDaYungOG2.mp3
[src/libmpg123/parse.c:skip_junk():1300] error: Giving up searching valid MPEG header after 65536 bytes of junk.
2026-03-19T18:09:24 mpg123: mpg123_getformat() failed: A generic mpg123 error.
[src/libmpg123/parse.c:guess_freeformat_framesize():744] error: Cannot look for freeformat frame size with non-seekable and non-buffered stream!
[src/libmpg123/parse.c:guess_freeformat_framesize():744] error: Cannot look for freeformat frame size with non-seekable and non-buffered stream!
2026-03-19T18:09:24 update: added beats/Riotype.mp3
2026-03-19T18:09:24 update: added beats/kencarsontypebeat-fire.mp3
2026-03-19T18:09:24 update: added beats/KenCarsonTypeBeat.mp3
2026-03-19T18:09:24 update: added beats/drillbeat.mp3
2026-03-19T18:09:24 update: added beats/Mafteeski1.mp3
2026-03-19T18:09:24 update: added beats/ken.mp3
2026-03-19T18:09:24 update: added beats/MAFTeeski.mp3
2026-03-19T18:09:24 update: added /sash.m4a
2026-03-19T18:09:24 update: added /gunna.mp3
2026-03-19T18:09:24 update: added /rosegunna.mp3
2026-03-19T18:09:24 update: added /luckitypeb.mp3
2026-03-19T18:09:24 update: added /gunnatypeb3.mp3
2026-03-19T18:09:24 update: added /rigden.mp3
2026-03-19T18:09:24 update: added /Gunnatypeb2.mp3
2026-03-19T18:09:24 update: added /Gunnatypeb1.mp3
2026-03-19T18:09:24 update: added /duvy.mp3
2026-03-19T18:09:24 update: added /gunnatypeb4.mp3
2026-03-19T18:09:24 update: added /uzi.mp3
2026-03-19T18:09:24 update: added /gunnatypeb6.mp3
